 Selectivity filter detection:
         703           4           1          63 THR      O
         719           3           1          64 VAL      O
         726           2           1          65 GLY      O
         747           1           1          66 TYR      O
        2193           4           2          63 THR      O
        2209           3           2          64 VAL      O
        2216           2           2          65 GLY      O
        2237           1           2          66 TYR      O
        3683           4           3          63 THR      O
        3699           3           3          64 VAL      O
        3706           2           3          65 GLY      O
        3727           1           3          66 TYR      O
        5173           4           4          63 THR      O
        5189           3           4          64 VAL      O
        5196           2           4          65 GLY      O
        5217           1           4          66 TYR      O
         696           5           1          63 THR    OG1
        2186           5           2          63 THR    OG1
        3676           5           3          63 THR    OG1
        5166           5           4          63 THR    OG1
 Nr. of K ions in input:         160
 Nr. of waters in input:       11134
  0.0000000E+00           3           0           1 WK0KKW F F F F
   20.00000               3           0           1 WK0KKW F F F F
   40.00000               3           0           1 WKK0KW F F F F
   60.00000               3           0           2 WK0KKW F F F F
   80.00000               2           0           0 WK0K0W F F F F
   100.0000               3           0           1 WK0KKW F F F F
   120.0000               3           0           2 WK0KKW F F F F
   140.0000               2           0           0 WK0K0W F F F F
   160.0000               2           0           0 WK0K0W F F F F
   180.0000               3           0           1 WK0KKW F F F F
 Nr. of K+ permeation up        :           0
 Nr. of K+ permeation down      :           0
 Nr. of water permeation events :           0           0           0
